2013-01-18 12:20:21,345 info GET  12345 /resume?id=1&rss=0 200 321.00ms
2013-01-18 12:20:22,345 info GET  12245 /resume?rss=0&id=1 200 333.00ms
2013-01-18 12:21:34,002 warn GET 11345 /vacancyerror 500  123.09ms
2013-01-18 12:22:11,932 error POST 15345 /user 200  444.44ms
